Making all in pkgdata
make[1]: Entering directory `/mnt/hgfs/esjung/Desktop/SrcRepos/globus_xio_compression_driver-0.9/pkgdata'
make[2]: Entering directory `/mnt/hgfs/esjung/Desktop/SrcRepos/globus_xio_compression_driver-0.9'
Making filelist in pkgdata
make[3]: Entering directory `/mnt/hgfs/esjung/Desktop/SrcRepos/globus_xio_compression_driver-0.9/pkgdata'
make[4]: Entering directory `/mnt/hgfs/esjung/Desktop/SrcRepos/globus_xio_compression_driver-0.9/pkgdata'
make[4]: Nothing to be done for `filelist-am'.
make[4]: Leaving directory `/mnt/hgfs/esjung/Desktop/SrcRepos/globus_xio_compression_driver-0.9/pkgdata'
:
make[3]: Leaving directory `/mnt/hgfs/esjung/Desktop/SrcRepos/globus_xio_compression_driver-0.9/pkgdata'
make[3]: Entering directory `/mnt/hgfs/esjung/Desktop/SrcRepos/globus_xio_compression_driver-0.9'
make[3]: Nothing to be done for `filelist-am'.
make[3]: Leaving directory `/mnt/hgfs/esjung/Desktop/SrcRepos/globus_xio_compression_driver-0.9'
/bin/sh ./libtool --tag=CC   --mode=compile /usr/bin/gcc -DPACKAGE_NAME=\"\" -DPACKAGE_TARNAME=\"\" -DPACKAGE_VERSION=\"\" -DPACKAGE_STRING=\"\" -DPACKAGE_BUGREPORT=\"\" -DPACKAGE_URL=\"\" -DSTDC_HEADERS=1 -DHAVE_SYS_TYPES_H=1 -DHAVE_SYS_STAT_H=1 -DHAVE_STDLIB_H=1 -DHAVE_STRING_H=1 -DHAVE_MEMORY_H=1 -DHAVE_STRINGS_H=1 -DHAVE_INTTYPES_H=1 -DHAVE_STDINT_H=1 -DHAVE_UNISTD_H=1 -DHAVE_DLFCN_H=1 -DLT_OBJDIR=\".libs/\" -DPACKAGE=\"globus_xio_compression_driver\" -DVERSION=\"0.9\" -DHAVE_LIBZ=1 -I.   -I/usr/local/globus-5.2.4/include/globus -I/usr/local/globus-5.2.4/include/globus/gcc64dbg  -g   -m64  -Wall -c -o globus_xio_compression_driver.lo globus_xio_compression_driver.c
libtool: compile:  /usr/bin/gcc -DPACKAGE_NAME=\"\" -DPACKAGE_TARNAME=\"\" -DPACKAGE_VERSION=\"\" -DPACKAGE_STRING=\"\" -DPACKAGE_BUGREPORT=\"\" -DPACKAGE_URL=\"\" -DSTDC_HEADERS=1 -DHAVE_SYS_TYPES_H=1 -DHAVE_SYS_STAT_H=1 -DHAVE_STDLIB_H=1 -DHAVE_STRING_H=1 -DHAVE_MEMORY_H=1 -DHAVE_STRINGS_H=1 -DHAVE_INTTYPES_H=1 -DHAVE_STDINT_H=1 -DHAVE_UNISTD_H=1 -DHAVE_DLFCN_H=1 -DLT_OBJDIR=\".libs/\" -DPACKAGE=\"globus_xio_compression_driver\" -DVERSION=\"0.9\" -DHAVE_LIBZ=1 -I. -I/usr/local/globus-5.2.4/include/globus -I/usr/local/globus-5.2.4/include/globus/gcc64dbg -g -m64 -Wall -c globus_xio_compression_driver.c  -fPIC -DPIC -o .libs/globus_xio_compression_driver.o
globus_xio_compression_driver.c: In function 'globus_l_xio_compression_close':
globus_xio_compression_driver.c:697: warning: too many arguments for format
globus_xio_compression_driver.c:681: warning: unused variable 'status'
globus_xio_compression_driver.c:681: warning: unused variable 'i'
globus_xio_compression_driver.c: In function 'globus_l_xio_compression_read':
globus_xio_compression_driver.c:780: warning: format '%d' expects type 'int', but argument 2 has type 'size_t'
globus_xio_compression_driver.c:812: warning: format '%d' expects type 'int', but argument 2 has type 'globus_size_t'
globus_xio_compression_driver.c:813: warning: format '%d' expects type 'int', but argument 2 has type 'size_t'
globus_xio_compression_driver.c: In function 'globus_l_xio_compression_read_block_header_cb':
globus_xio_compression_driver.c:917: warning: format '%d' expects type 'int', but argument 4 has type 'globus_size_t'
globus_xio_compression_driver.c: In function 'globus_l_xio_compression_read_body_cb':
globus_xio_compression_driver.c:938: warning: format '%d' expects type 'int', but argument 2 has type 'globus_size_t'
globus_xio_compression_driver.c:988: warning: format '%d' expects type 'int', but argument 2 has type 'globus_size_t'
globus_xio_compression_driver.c: In function 'globus_l_xio_compression_handle_read':
globus_xio_compression_driver.c:1076: warning: format '%d' expects type 'int', but argument 2 has type 'size_t'
globus_xio_compression_driver.c:1077: warning: format '%d' expects type 'int', but argument 2 has type 'size_t'
globus_xio_compression_driver.c: In function 'globus_l_xio_compression_mt_write':
globus_xio_compression_driver.c:1348: warning: format '%d' expects type 'int', but argument 4 has type 'globus_size_t'
globus_xio_compression_driver.c:1422: warning: format '%d' expects type 'int', but argument 3 has type 'size_t'
globus_xio_compression_driver.c:1423: warning: format '%d' expects type 'int', but argument 3 has type 'size_t'
globus_xio_compression_driver.c:1424: warning: format '%d' expects type 'int', but argument 3 has type 'size_t'
globus_xio_compression_driver.c:1429: warning: format '%d' expects type 'int', but argument 3 has type 'globus_size_t'
globus_xio_compression_driver.c:1311: warning: unused variable 'wait_for'
globus_xio_compression_driver.c:1441: warning: no return statement in function returning non-void
globus_xio_compression_driver.c: In function 'globus_l_xio_compression_fake_write':
globus_xio_compression_driver.c:1520: warning: format '%d' expects type 'int', but argument 3 has type 'size_t'
globus_xio_compression_driver.c:1521: warning: format '%d' expects type 'int', but argument 3 has type 'size_t'
globus_xio_compression_driver.c:1522: warning: format '%d' expects type 'int', but argument 3 has type 'size_t'
globus_xio_compression_driver.c:1527: warning: format '%d' expects type 'int', but argument 2 has type 'globus_size_t'
globus_xio_compression_driver.c: In function 'globus_l_xio_compression_thread_kicker':
globus_xio_compression_driver.c:1579: warning: format '%d' expects type 'int', but argument 3 has type 'globus_size_t'
globus_xio_compression_driver.c:1609: warning: too few arguments for format
globus_xio_compression_driver.c: In function 'globus_l_xio_compression_write':
globus_xio_compression_driver.c:1693: warning: assignment discards qualifiers from pointer target type
globus_xio_compression_driver.c:1670: warning: unused variable 'i'
globus_xio_compression_driver.c: In function 'globus_l_xio_compression_handle_write':
globus_xio_compression_driver.c:1791: warning: format '%d' expects type 'int', but argument 2 has type 'size_t'
globus_xio_compression_driver.c:1792: warning: format '%d' expects type 'int', but argument 2 has type 'size_t'
globus_xio_compression_driver.c:1793: warning: format '%d' expects type 'int', but argument 2 has type 'size_t'
globus_xio_compression_driver.c: At top level:
globus_xio_compression_driver.c:1181: warning: 'zlib_error_dbg' defined but not used
globus_xio_compression_driver.c:1447: warning: 'globus_l_xio_compression_fake_write' defined but not used
libtool: compile:  /usr/bin/gcc -DPACKAGE_NAME=\"\" -DPACKAGE_TARNAME=\"\" -DPACKAGE_VERSION=\"\" -DPACKAGE_STRING=\"\" -DPACKAGE_BUGREPORT=\"\" -DPACKAGE_URL=\"\" -DSTDC_HEADERS=1 -DHAVE_SYS_TYPES_H=1 -DHAVE_SYS_STAT_H=1 -DHAVE_STDLIB_H=1 -DHAVE_STRING_H=1 -DHAVE_MEMORY_H=1 -DHAVE_STRINGS_H=1 -DHAVE_INTTYPES_H=1 -DHAVE_STDINT_H=1 -DHAVE_UNISTD_H=1 -DHAVE_DLFCN_H=1 -DLT_OBJDIR=\".libs/\" -DPACKAGE=\"globus_xio_compression_driver\" -DVERSION=\"0.9\" -DHAVE_LIBZ=1 -I. -I/usr/local/globus-5.2.4/include/globus -I/usr/local/globus-5.2.4/include/globus/gcc64dbg -g -m64 -Wall -c globus_xio_compression_driver.c -o globus_xio_compression_driver.o >/dev/null 2>&1
/bin/sh ./libtool --tag=CC   --mode=link /usr/bin/gcc  -g   -m64  -Wall -module -rpath /usr/local/globus-5.2.4/lib64 -L/usr/local/globus-5.2.4/lib64  -m64  -o libglobus_xio_compression_driver.la -rpath /usr/local/globus-5.2.4/lib64 globus_xio_compression_driver.lo -version-info 0:9:0  -lglobus_xio -lglobus_common   -lm   -lz -lblosc  
libtool: link: /usr/bin/gcc -shared  -fPIC -DPIC  .libs/globus_xio_compression_driver.o   -Wl,-rpath -Wl,/usr/local/globus-5.2.4/lib64 -Wl,-rpath -Wl,/usr/local/globus-5.2.4/lib64 -L/usr/local/globus-5.2.4/lib64 /usr/local/globus-5.2.4/lib64/libglobus_xio.so /usr/local/globus-5.2.4/lib64/libglobus_common.so -lltdl -lm -lz -lblosc  -m64 -m64   -Wl,-soname -Wl,libglobus_xio_compression_driver.so.0 -o .libs/libglobus_xio_compression_driver.so.0.0.9
libtool: link: (cd ".libs" && rm -f "libglobus_xio_compression_driver.so.0" && ln -s "libglobus_xio_compression_driver.so.0.0.9" "libglobus_xio_compression_driver.so.0")
libtool: link: (cd ".libs" && rm -f "libglobus_xio_compression_driver.so" && ln -s "libglobus_xio_compression_driver.so.0.0.9" "libglobus_xio_compression_driver.so")
libtool: link: /usr/bin/ar cru .libs/libglobus_xio_compression_driver.a  globus_xio_compression_driver.o
libtool: link: /usr/bin/ranlib .libs/libglobus_xio_compression_driver.a
libtool: link: ( cd ".libs" && rm -f "libglobus_xio_compression_driver.la" && ln -s "../libglobus_xio_compression_driver.la" "libglobus_xio_compression_driver.la" )
:
make[2]: Leaving directory `/mnt/hgfs/esjung/Desktop/SrcRepos/globus_xio_compression_driver-0.9'
make[1]: Leaving directory `/mnt/hgfs/esjung/Desktop/SrcRepos/globus_xio_compression_driver-0.9/pkgdata'
make[1]: Entering directory `/mnt/hgfs/esjung/Desktop/SrcRepos/globus_xio_compression_driver-0.9'
make[1]: Nothing to be done for `all-am'.
make[1]: Leaving directory `/mnt/hgfs/esjung/Desktop/SrcRepos/globus_xio_compression_driver-0.9'
